Arguments:

Environment:
0: _
1: _
2: BitVector { bits: [11111111111111111111111111111111 ], width: 32 }
3: BitVector { bits: [11111111111111111111111111111111 ], width: 32 }
4: BitVector { bits: [11111111111111111111111111111110 ], width: 32 }
5: BitVector { bits: [11111111111111111111111111111111 ], width: 32 }
6: BitVector { bits: [11111111111111111111111111111101 ], width: 32 }
7: BitVector { bits: [11111111111111111111111111111011 ], width: 32 }
8: BitVector { bits: [11111111111111111111111111111000 ], width: 32 }
9: BitVector { bits: [11111111111111111111111111110011 ], width: 32 }
10: BitVector { bits: [11111111111111111111111111101011 ], width: 32 }
11: BitVector { bits: [11111111111111111111111111011110 ], width: 32 }
12: BitVector { bits: [11111111111111111111111111001001 ], width: 32 }
13: BitVector { bits: [11111111111111111111111110100111 ], width: 32 }
14: BitVector { bits: [11111111111111111111111101110000 ], width: 32 }
15: BitVector { bits: [11111111111111111111111100010111 ], width: 32 }
16: BitVector { bits: [11111111111111111111111010000111 ], width: 32 }
17: BitVector { bits: [11111111111111111111110110011110 ], width: 32 }
18: BitVector { bits: [11111111111111111111110000100101 ], width: 32 }
19: BitVector { bits: [11111111111111111111100111000011 ], width: 32 }
20: BitVector { bits: [11111111111111111111010111101000 ], width: 32 }
21: BitVector { bits: [11111111111111111110111110101011 ], width: 32 }
22: BitVector { bits: [11111111111111111110010110010011 ], width: 32 }
23: BitVector { bits: [11111111111111111101010100111110 ], width: 32 }
24: BitVector { bits: [11111111111111111011101011010001 ], width: 32 }
25: BitVector { bits: [11111111111111111001000000001111 ], width: 32 }
26: BitVector { bits: [11111111111111110100101011100000 ], width: 32 }
27: BitVector { bits: [11111111111111101101101011101111 ], width: 32 }
28: BitVector { bits: [11111111111111100010010111001111 ], width: 32 }
29: BitVector { bits: [11111111111111010000000010111110 ], width: 32 }
30: BitVector { bits: [11111111111110110010011010001101 ], width: 32 }
31: BitVector { bits: [11111111111110000010011101001011 ], width: 32 }
32: BitVector { bits: [11111111111100110100110111011000 ], width: 32 }
33: BitVector { bits: [11111111111010110111010100100011 ], width: 32 }
34: BitVector { bits: [11111111110111101100001011111011 ], width: 32 }
35: BitVector { bits: [11111111110010100011100000011110 ], width: 32 }
36: BitVector { bits: [11111111101010001111101100011001 ], width: 32 }
37: BitVector { bits: [11111111011100110011001100110111 ], width: 32 }
38: BitVector { bits: [11111111000111000010111001010000 ], width: 32 }
39: BitVector { bits: [11111110100011110110000110000111 ], width: 32 }
40: BitVector { bits: [11111101101010111000111111010111 ], width: 32 }
41: BitVector { bits: [11111100001110101111000101011110 ], width: 32 }
42: BitVector { bits: [11111001111001101000000100110101 ], width: 32 }
43: BitVector { bits: [11110110001000010111001010010011 ], width: 32 }
44: BitVector { bits: [11110000000001111111001111001000 ], width: 32 }
45: BitVector { bits: [11100110001010010110011001011011 ], width: 32 }
46: BitVector { bits: [11010110001100010101101000100011 ], width: 32 }
47: BitVector { bits: [10111100010110101100000001111110 ], width: 32 }
48: BitVector { bits: [10010010100011000001101010100001 ], width: 32 }
49: BitVector { bits: [1001110111001101101101100011111 ], width: 32 }
50: _
51: _
52: _
53: _
54: _
55: _
56: _

Output:
fibout: BitVector { bits: [1001110111001101101101100011111 ], width: 32 }
