Arguments:
left: 1
right: 0

Environment:
0: _
1: _
2: BitVector { bits: [1 ], width: 1 }
3: BitVector { bits: [0 ], width: 1 }
4: BitVector { bits: [1 ], width: 1 }
5: _
6: _

Output:
out: BitVector { bits: [1 ], width: 1 }
