Arguments:
cond: 0
fal: 0
tru: 2147483647

Environment:
0: _
1: _
2: 0
3: _
4: 0
5: 2147483647
6: _
7: _

Output:
out: _

