Arguments:
left: 12345
right: 54321

Environment:
0: _
1: _
2: 12345
3: 54321
4: _
5: 0
6: _

Output:
out: 0

