Arguments:
left: 12345
right: 54321

Environment:
0: _
1: _
2: 12345
3: 54321
4: 0
5: _

Output:
out: 0

