Arguments:
left: 255
right: 256

Environment:
0: _
1: _
2: 255
3: 256
4: _
5: _
6: _
7: _
8: _

Output:
out: _

