Arguments:
left: 123
right: 321

Environment:
0: _
1: _
2: 123
3: 321
4: _
5: _
6: _
7: _
8: _

Output:
out: _

