Arguments:
left: 255
right: 298634

Environment:
0: _
1: _
2: 0
3: 0
4: _
5: 1
6: _
7: _
8: _
9: _

Output:
out: 1

