Arguments:
left: 1
right: 1

Environment:
0: _
1: _
2: 1
3: 1
4: 1
5: _

Output:
out: 1

