Arguments:
left: 54321
right: 12345

Environment:
0: _
1: _
2: 54321
3: 12345
4: _
5: _
6: _
7: _
8: _

Output:
out: _

