Arguments:
left: 1
right: 0

Environment:
0: _
1: _
2: 1
3: 0
4: 1
5: _

Output:
out: 1

