Arguments:
left: 12345
right: 8

Environment:
0: _
1: _
2: 12345
3: 8
4: _
5: 0
6: _

Output:
out: 0

