
Environment:
0 : _
1 : _
2 : 1
3 : 1
4 : 2
5 : 1
6 : 3
7 : 5
8 : 8
9 : 13
10 : 21
11 : 34
12 : 55
13 : 89
14 : 144
15 : 233
16 : 377
17 : 610
18 : 987
19 : 1597
20 : 2584
21 : 4181
22 : 6765
23 : 10946
24 : 17711
25 : 28657
26 : 46368
27 : 75025
28 : 121393
29 : 196418
30 : 317811
31 : 514229
32 : 832040
33 : 1346269
34 : 2178309
35 : 3524578
36 : 5702887
37 : 9227465
38 : 14930352
39 : 24157817
40 : 39088169
41 : 63245986
42 : 102334155
43 : 165580141
44 : 267914296
45 : 433494437
46 : 701408733
47 : 1134903170
48 : 1836311903
49 : 2971215073
50 : _

fibout: [1, 0, 0, 0, 0, 1, 1, 1, 0, 0, 1, 0, 0, 1, 0, 0, 1, 0, 0, 1, 1, 0, 0, 0, 1, 0, 0, 0, 1, 1, 0, 1]
