
Environment:
0 : _
1 : _
2 : _
3 : _
4 : _
5 : _
6 : 144296030
7 : 129938418
8 : 1903615706
9 : 4020783770
10 : 68583430
11 : 420520275
12 : 4189576465
13 : 3875632702
14 : 514724513
15 : 514724513
16 : 514724513
17 : 294217997
18 : 254245804
19 : 254245804
20 : 1969250012
21 : 3770664396
22 : 2294350795
23 : 4255210775
24 : 515287855
25 : 1992846632
26 : 2524424420
27 : 4255210775
28 : 4255210775
29 : 254245804
30 : 4068878011
31 : 2514459408
32 : 0
33 : 0
34 : 488544475
35 : 2572211016
36 : 2045712004
37 : 2294350795
38 : 1751547785
39 : 0
40 : 3809431478
41 : 2045712004
42 : 1808682109
43 : 4068878011
44 : 488544475
45 : 0
46 : 10799520928548398779
47 : 0
48 : 11047562192619477211
49 : 9854161632122312324
50 : 1751547785
51 : 8786266158024052662
52 : 17475697990467210365
53 : 488544475
54 : too large to display
55 : too large to display
56 : too large to display
57 : too large to display
58 : too large to display
59 : too large to display
60 : too large to display
61 : 4068878011
62 : 2514459408
63 : 0
64 : 0
65 : 488544475
66 : 2572211016
67 : 2045712004
68 : 2294350795
69 : _
70 : _
71 : _
72 : _
73 : _
74 : _
75 : _
76 : _

output0: [1, 1, 0, 1, 1, 1, 0, 1, 0, 1, 1, 0, 0, 1, 0, 0, 0, 1, 1, 0, 0, 0, 0, 1, 0, 1, 0, 0, 1, 1, 1, 1]
output1: [0, 0, 0, 0, 1, 0, 0, 0, 1, 1, 0, 1, 1, 0, 0, 1, 1, 1, 1, 1, 1, 0, 1, 1, 1, 0, 1, 0, 1, 0, 0, 1]
output2: [0, 0, 0, 0, 0, 0, 0, 0, 0, 0, 0, 0, 0, 0, 0, 0, 0, 0, 0, 0, 0, 0, 0, 0, 0, 0, 0, 0, 0, 0, 0, 0]
output3: [0, 0, 0, 0, 0, 0, 0, 0, 0, 0, 0, 0, 0, 0, 0, 0, 0, 0, 0, 0, 0, 0, 0, 0, 0, 0, 0, 0, 0, 0, 0, 0]
output4: [1, 1, 0, 1, 1, 0, 1, 1, 0, 0, 0, 1, 1, 0, 0, 1, 0, 1, 1, 1, 1, 0, 0, 0, 1, 0, 1, 1, 1, 0, 0, 0]
output5: [0, 0, 0, 1, 0, 0, 1, 0, 1, 1, 0, 0, 1, 0, 1, 1, 0, 0, 0, 0, 1, 0, 1, 0, 1, 0, 0, 1, 1, 0, 0, 1]
output6: [0, 0, 1, 0, 0, 0, 0, 1, 0, 1, 1, 0, 1, 0, 0, 0, 1, 1, 1, 1, 0, 1, 1, 1, 1, 0, 0, 1, 1, 1, 1, 0]
output7: [1, 1, 0, 1, 0, 0, 1, 1, 1, 1, 0, 0, 0, 0, 0, 0, 1, 0, 0, 0, 0, 0, 1, 1, 0, 0, 0, 1, 0, 0, 0, 1]
