
Environment:
0 : _
1 : _
2 : 0
3 : 1
4 : 4294967295
5 : _

out: [1, 1, 1, 1, 1, 1, 1, 1, 1, 1, 1, 1, 1, 1, 1, 1, 1, 1, 1, 1, 1, 1, 1, 1, 1, 1, 1, 1, 1, 1, 1, 1]
