
Environment:
0 : _
1 : _
2 : 1
3 : 65
4 : _
5 : 1
6 : _

out: [1]
