
Environment:
0 : _
1 : _
2 : 0
3 : 4
4 : _
5 : 1
6 : _

out: [1]
