
Environment:
0 : _
1 : _
2 : 1
3 : _
4 : 0
5 : 1023
6 : 1023
7 : _

out: [1, 1, 1, 1, 1, 1, 1, 1, 1, 1, 0, 0, 0, 0, 0, 0, 0, 0, 0, 0, 0, 0, 0, 0, 0, 0, 0, 0, 0, 0, 0, 0]
