
Environment:
0 : _
1 : _
2 : 24
3 : 16
4 : _
5 : 0
6 : _

out: [0]
