
Environment:
0 : _
1 : _
2 : 2863311530
3 : 1431655765
4 : 4294967295
5 : _

out: [1, 1, 1, 1, 1, 1, 1, 1, 1, 1, 1, 1, 1, 1, 1, 1, 1, 1, 1, 1, 1, 1, 1, 1, 1, 1, 1, 1, 1, 1, 1, 1]
