
Environment:
0 : _
1 : _
2 : 32768
3 : 7
4 : 256
5 : _

out: [0, 0, 0, 0, 0, 0, 0, 0, 1, 0, 0, 0, 0, 0, 0, 0, 0, 0, 0, 0, 0, 0, 0, 0, 0, 0, 0, 0, 0, 0, 0, 0]
