
Environment:
0 : _
1 : _
2 : 4294967295
3 : 3
4 : 3
5 : _

out: [1, 1, 0, 0, 0, 0, 0, 0, 0, 0, 0, 0, 0, 0, 0, 0, 0, 0, 0, 0, 0, 0, 0, 0, 0, 0, 0, 0, 0, 0, 0, 0]
