
Environment:
0 : _
1 : _
2 : 13107
3 : 3855
4 : _
5 : 0
6 : _

out: [0]
