
Environment:
0 : _
1 : _
2 : 174755
3 : 174755
4 : 0
5 : _

out: [0, 0, 0, 0, 0, 0, 0, 0, 0, 0, 0, 0, 0, 0, 0, 0, 0, 0, 0, 0, 0, 0, 0, 0, 0, 0, 0, 0, 0, 0, 0, 0]
